../Drivers/STM32H7xx_HAL_Driver/Src/stm32h7xx_hal_flash_ex.c:1103:13:FLASH_MassErase	0	static
../Drivers/STM32H7xx_HAL_Driver/Src/stm32h7xx_hal_flash_ex.c:424:19:HAL_FLASHEx_OBProgram	24	static
../Drivers/STM32H7xx_HAL_Driver/Src/stm32h7xx_hal_flash_ex.c:567:6:HAL_FLASHEx_OBGetConfig	8	static
../Drivers/STM32H7xx_HAL_Driver/Src/stm32h7xx_hal_flash_ex.c:635:19:HAL_FLASHEx_Unlock_Bank1	0	static
../Drivers/STM32H7xx_HAL_Driver/Src/stm32h7xx_hal_flash_ex.c:657:19:HAL_FLASHEx_Lock_Bank1	0	static
../Drivers/STM32H7xx_HAL_Driver/Src/stm32h7xx_hal_flash_ex.c:710:19:HAL_FLASHEx_ComputeCRC	16	static
../Drivers/STM32H7xx_HAL_Driver/Src/stm32h7xx_hal_flash_ex.c:1180:6:FLASH_Erase_Sector	0	static
../Drivers/STM32H7xx_HAL_Driver/Src/stm32h7xx_hal_flash_ex.c:186:19:HAL_FLASHEx_Erase	32	static
../Drivers/STM32H7xx_HAL_Driver/Src/stm32h7xx_hal_flash_ex.c:303:19:HAL_FLASHEx_Erase_IT	24	static
