../Core/Src/BMI088Middleware.c:16:6:BMI088_GPIO_init	4	static
../Core/Src/BMI088Middleware.c:28:6:BMI088_com_init	4	static
../Core/Src/BMI088Middleware.c:41:6:BMI088_delay_ms	16	static
../Core/Src/BMI088Middleware.c:56:6:BMI088_delay_us	40	static
../Core/Src/BMI088Middleware.c:96:6:BMI088_ACCEL_NS_L	8	static
../Core/Src/BMI088Middleware.c:108:6:BMI088_ACCEL_NS_H	8	static
../Core/Src/BMI088Middleware.c:120:6:BMI088_GYRO_NS_L	8	static
../Core/Src/BMI088Middleware.c:132:6:BMI088_GYRO_NS_H	8	static
../Core/Src/BMI088Middleware.c:144:9:BMI088_read_write_byte	32	static
