../Core/Src/main_odrive_torque_clean.c:82:20:led_yellow	1
../Core/Src/main_odrive_torque_clean.c:83:20:led_red	1
../Core/Src/main_odrive_torque_clean.c:84:20:led_green	1
../Core/Src/main_odrive_torque_clean.c:88:13:log_uart1	1
../Core/Src/main_odrive_torque_clean.c:93:13:logf_uart1	2
../Core/Src/main_odrive_torque_clean.c:108:20:arm_enable	1
../Core/Src/main_odrive_torque_clean.c:114:21:clampf	3
../Core/Src/main_odrive_torque_clean.c:121:17:le_u32	1
../Core/Src/main_odrive_torque_clean.c:126:14:le_float	1
../Core/Src/main_odrive_torque_clean.c:134:13:put_u32_le	1
../Core/Src/main_odrive_torque_clean.c:142:13:put_float_le	1
../Core/Src/main_odrive_torque_clean.c:149:24:odrive_id	1
../Core/Src/main_odrive_torque_clean.c:154:12:odrive_send	5
../Core/Src/main_odrive_torque_clean.c:166:12:odrive_clear_errors	1
../Core/Src/main_odrive_torque_clean.c:171:12:odrive_set_axis_state	1
../Core/Src/main_odrive_torque_clean.c:178:12:odrive_set_controller_mode	1
../Core/Src/main_odrive_torque_clean.c:186:12:odrive_set_input_torque	1
../Core/Src/main_odrive_torque_clean.c:194:6:jc_parse_feedback	11
../Core/Src/main_odrive_torque_clean.c:244:13:fatal	1
../Core/Src/main_odrive_torque_clean.c:260:5:main	13
../Core/Src/main_odrive_torque_clean.c:404:6:SystemClock_Config	4
../Core/Src/main_odrive_torque_clean.c:459:6:HAL_TIM_PeriodElapsedCallback	2
../Core/Src/main_odrive_torque_clean.c:473:6:Error_Handler	1
