../Core/Src/main.c:82:20:led_yellow	8	static
../Core/Src/main.c:83:20:led_red	8	static
../Core/Src/main.c:84:20:led_green	8	static
../Core/Src/main.c:89:13:log_uart1	16	static
../Core/Src/main.c:94:13:logf_uart1	24	static
../Core/Src/main.c:110:20:arm_enable	16	static
../Core/Src/main.c:117:24:jc_tx_id	16	static
../Core/Src/main.c:119:21:clampf	24	static
../Core/Src/main.c:126:23:be_s16	16	static
../Core/Src/main.c:131:23:be_s24	24	static
../Core/Src/main.c:138:12:jc_send8	32	static
../Core/Src/main.c:145:12:jc_set_mode	24	static
../Core/Src/main.c:153:12:jc_enter_closed_loop	24	static
../Core/Src/main.c:159:12:jc_idle	24	static
../Core/Src/main.c:165:12:jc_set_torque_nm	40	static
../Core/Src/main.c:176:6:can_parse_feedback	40	static
../Core/Src/main.c:210:13:fatal	16	static,ignoring_inline_asm
../Core/Src/main.c:224:5:main	136	static
../Core/Src/main.c:374:6:SystemClock_Config	120	static
../Core/Src/main.c:429:6:HAL_TIM_PeriodElapsedCallback	16	static
../Core/Src/main.c:443:6:Error_Handler	4	static
